[MAIN] items=30 buffer=5 prod_sleep=100ms cons_sleep=300ms vec_size=100 seed_prod=42 seed_vec=1
[PROD] iter=0 value=8
[C1] iter=0 read=8 moda=1 top3=[1,6,-6] vector=[1,12,7,11,-7,-5,-1,12,-5,-3,-6,0,-4,0,-1,6,0,11,3,9,1,-1,6,3,-3,1,10,-3,-7,3,6,11,1,2,4,1,-5,11,-4,8,9,7,12,9,-1,-6,6,3,10,10,10,9,-6,9,-7,-2,-4,-6,10,6,-6,4,1,6,12,1,3,-4,6,-2,-1,-5,6,8,9,1,-7,-7,8,5,12,6,7,-2,-2,1,8,-3,-5,-6,1,2,11,-6,-2,11,-2,-5,-5,3]
[PROD] iter=1 value=16
[C2] iter=0 read=16 desviacion=3.02992 vector=[12,18,15,17,8,9,11,18,9,10,9,12,10,12,11,15,12,17,13,16,12,11,15,13,10,12,17,10,8,13,15,17,12,13,14,12,9,17,10,16,16,15,18,16,11,9,15,13,17,17,17,16,9,16,8,11,10,9,17,15,9,14,12,15,18,12,13,10,15,11,11,9,15,16,16,12,8,8,16,14,18,15,15,11,11,12,16,10,9,9,12,13,17,9,11,17,11,9,9,13]
[PROD] iter=2 value=20
[C3] iter=0 read=20 sumatoria=20500 vector=[9,20,15,19,1,3,7,20,3,5,2,8,4,8,7,14,8,19,11,17,9,7,14,11,5,9,18,5,1,11,14,19,9,10,12,9,3,19,4,16,17,15,20,17,7,2,14,11,18,18,18,17,2,17,1,6,4,2,18,14,2,12,9,14,20,9,11,4,14,6,7,3,14,16,17,9,1,1,16,13,20,14,15,6,6,9,16,5,3,2,9,10,19,2,6,19,6,3,3,11]
[PROD] iter=3 value=4
[C1] iter=1 read=4 moda=-3 top3=[-3,2,-10] vector=[-3,8,3,7,-11,-9,-5,8,-9,-7,-10,-4,-8,-4,-5,2,-4,7,-1,5,-3,-5,2,-1,-7,-3,6,-7,-11,-1,2,7,-3,-2,0,-3,-9,7,-8,4,5,3,8,5,-5,-10,2,-1,6,6,6,5,-10,5,-11,-6,-8,-10,6,2,-10,0,-3,2,8,-3,-1,-8,2,-6,-5,-9,2,4,5,-3,-11,-11,4,1,8,2,3,-6,-6,-3,4,-7,-9,-10,-3,-2,7,-10,-6,7,-6,-9,-9,-1]
[PROD] iter=4 value=15
[C2] iter=1 read=15 desviacion=1.53163 vector=[13,16,15,16,11,12,13,16,12,12,12,13,12,13,13,15,13,16,14,15,13,13,15,14,12,13,16,12,11,14,15,16,13,14,14,13,12,16,12,15,15,15,16,15,13,12,15,14,16,16,16,15,12,15,11,13,12,12,16,15,12,14,13,15,16,13,14,12,15,13,13,12,15,15,15,13,11,11,15,14,16,15,15,13,13,13,15,12,12,12,13,14,16,12,13,16,13,12,12,14]
[PROD] iter=5 value=16
[C3] iter=1 read=16 sumatoria=16400 vector=[9,20,15,19,1,3,7,20,3,5,2,8,4,8,7,14,8,19,11,17,9,7,14,11,5,9,18,5,1,11,14,19,9,10,12,9,3,19,4,16,17,15,20,17,7,2,14,11,18,18,18,17,2,17,1,6,4,2,18,14,2,12,9,14,20,9,11,4,14,6,7,3,14,16,17,9,1,1,16,13,20,14,15,6,6,9,16,5,3,2,9,10,19,2,6,19,6,3,3,11]
[PROD] iter=6 value=12
[C1] iter=2 read=12 moda=-15 top3=[-15,-10,-22] vector=[-15,-4,-9,-5,-23,-21,-17,-4,-21,-19,-22,-16,-20,-16,-17,-10,-16,-5,-13,-7,-15,-17,-10,-13,-19,-15,-6,-19,-23,-13,-10,-5,-15,-14,-12,-15,-21,-5,-20,-8,-7,-9,-4,-7,-17,-22,-10,-13,-6,-6,-6,-7,-22,-7,-23,-18,-20,-22,-6,-10,-22,-12,-15,-10,-4,-15,-13,-20,-10,-18,-17,-21,-10,-8,-7,-15,-23,-23,-8,-11,-4,-10,-9,-18,-18,-15,-8,-19,-21,-22,-15,-14,-5,-22,-18,-5,-18,-21,-21,-13]
[PROD] iter=7 value=12
[C2] iter=2 read=12 desviacion=0.812404 vector=[12,14,13,14,11,12,12,14,12,12,12,12,12,12,12,13,12,14,13,13,12,12,13,13,12,12,14,12,11,13,13,14,12,13,13,12,12,14,12,13,13,13,14,13,12,12,13,13,14,14,14,13,12,13,11,12,12,12,14,13,12,13,12,13,14,12,13,12,13,12,12,12,13,13,13,12,11,11,13,13,14,13,13,12,12,12,13,12,12,12,12,13,14,12,12,14,12,12,12,13]
[PROD] iter=8 value=4
[C3] iter=2 read=4 sumatoria=4100 vector=[9,20,15,19,1,3,7,20,3,5,2,8,4,8,7,14,8,19,11,17,9,7,14,11,5,9,18,5,1,11,14,19,9,10,12,9,3,19,4,16,17,15,20,17,7,2,14,11,18,18,18,17,2,17,1,6,4,2,18,14,2,12,9,14,20,9,11,4,14,6,7,3,14,16,17,9,1,1,16,13,20,14,15,6,6,9,16,5,3,2,9,10,19,2,6,19,6,3,3,11]
[PROD] iter=9 value=9
[C1] iter=3 read=9 moda=-24 top3=[-24,-19,-31] vector=[-24,-13,-18,-14,-32,-30,-26,-13,-30,-28,-31,-25,-29,-25,-26,-19,-25,-14,-22,-16,-24,-26,-19,-22,-28,-24,-15,-28,-32,-22,-19,-14,-24,-23,-21,-24,-30,-14,-29,-17,-16,-18,-13,-16,-26,-31,-19,-22,-15,-15,-15,-16,-31,-16,-32,-27,-29,-31,-15,-19,-31,-21,-24,-19,-13,-24,-22,-29,-19,-27,-26,-30,-19,-17,-16,-24,-32,-32,-17,-20,-13,-19,-18,-27,-27,-24,-17,-28,-30,-31,-24,-23,-14,-31,-27,-14,-27,-30,-30,-22]
[PROD] iter=10 value=4
[C2] iter=3 read=4 desviacion=0.44486 vector=[8,9,8,9,7,8,8,9,8,8,8,8,8,8,8,8,8,9,8,8,8,8,8,8,8,8,9,8,7,8,8,9,8,8,8,8,8,9,8,8,8,8,9,8,8,8,8,8,9,9,9,8,8,8,7,8,8,8,9,8,8,8,8,8,9,8,8,8,8,8,8,8,8,8,8,8,7,7,8,8,9,8,8,8,8,8,8,8,8,8,8,8,9,8,8,9,8,8,8,8]
[PROD] iter=11 value=2
[C3] iter=3 read=2 sumatoria=2050 vector=[9,20,15,19,1,3,7,20,3,5,2,8,4,8,7,14,8,19,11,17,9,7,14,11,5,9,18,5,1,11,14,19,9,10,12,9,3,19,4,16,17,15,20,17,7,2,14,11,18,18,18,17,2,17,1,6,4,2,18,14,2,12,9,14,20,9,11,4,14,6,7,3,14,16,17,9,1,1,16,13,20,14,15,6,6,9,16,5,3,2,9,10,19,2,6,19,6,3,3,11]
[PROD] iter=12 value=2
[C1] iter=4 read=2 moda=-26 top3=[-26,-21,-33] vector=[-26,-15,-20,-16,-34,-32,-28,-15,-32,-30,-33,-27,-31,-27,-28,-21,-27,-16,-24,-18,-26,-28,-21,-24,-30,-26,-17,-30,-34,-24,-21,-16,-26,-25,-23,-26,-32,-16,-31,-19,-18,-20,-15,-18,-28,-33,-21,-24,-17,-17,-17,-18,-33,-18,-34,-29,-31,-33,-17,-21,-33,-23,-26,-21,-15,-26,-24,-31,-21,-29,-28,-32,-21,-19,-18,-26,-34,-34,-19,-22,-15,-21,-20,-29,-29,-26,-19,-30,-32,-33,-26,-25,-16,-33,-29,-16,-29,-32,-32,-24]
[PROD] iter=13 value=10
[C2] iter=4 read=10 desviacion=0.217945 vector=[9,9,9,9,8,9,9,9,9,9,9,9,9,9,9,9,9,9,9,9,9,9,9,9,9,9,9,9,8,9,9,9,9,9,9,9,9,9,9,9,9,9,9,9,9,9,9,9,9,9,9,9,9,9,8,9,9,9,9,9,9,9,9,9,9,9,9,9,9,9,9,9,9,9,9,9,8,8,9,9,9,9,9,9,9,9,9,9,9,9,9,9,9,9,9,9,9,9,9,9]
[PROD] iter=14 value=18
[C3] iter=4 read=18 sumatoria=18450 vector=[9,20,15,19,1,3,7,20,3,5,2,8,4,8,7,14,8,19,11,17,9,7,14,11,5,9,18,5,1,11,14,19,9,10,12,9,3,19,4,16,17,15,20,17,7,2,14,11,18,18,18,17,2,17,1,6,4,2,18,14,2,12,9,14,20,9,11,4,14,6,7,3,14,16,17,9,1,1,16,13,20,14,15,6,6,9,16,5,3,2,9,10,19,2,6,19,6,3,3,11]
[PROD] iter=15 value=7
[C1] iter=5 read=7 moda=-33 top3=[-33,-28,-40] vector=[-33,-22,-27,-23,-41,-39,-35,-22,-39,-37,-40,-34,-38,-34,-35,-28,-34,-23,-31,-25,-33,-35,-28,-31,-37,-33,-24,-37,-41,-31,-28,-23,-33,-32,-30,-33,-39,-23,-38,-26,-25,-27,-22,-25,-35,-40,-28,-31,-24,-24,-24,-25,-40,-25,-41,-36,-38,-40,-24,-28,-40,-30,-33,-28,-22,-33,-31,-38,-28,-36,-35,-39,-28,-26,-25,-33,-41,-41,-26,-29,-22,-28,-27,-36,-36,-33,-26,-37,-39,-40,-33,-32,-23,-40,-36,-23,-36,-39,-39,-31]
[PROD] iter=16 value=13
[C2] iter=5 read=13 desviacion=0.217945 vector=[11,11,11,11,10,11,11,11,11,11,11,11,11,11,11,11,11,11,11,11,11,11,11,11,11,11,11,11,10,11,11,11,11,11,11,11,11,11,11,11,11,11,11,11,11,11,11,11,11,11,11,11,11,11,10,11,11,11,11,11,11,11,11,11,11,11,11,11,11,11,11,11,11,11,11,11,10,10,11,11,11,11,11,11,11,11,11,11,11,11,11,11,11,11,11,11,11,11,11,11]
[PROD] iter=17 value=3
[C3] iter=5 read=3 sumatoria=3075 vector=[9,20,15,19,1,3,7,20,3,5,2,8,4,8,7,14,8,19,11,17,9,7,14,11,5,9,18,5,1,11,14,19,9,10,12,9,3,19,4,16,17,15,20,17,7,2,14,11,18,18,18,17,2,17,1,6,4,2,18,14,2,12,9,14,20,9,11,4,14,6,7,3,14,16,17,9,1,1,16,13,20,14,15,6,6,9,16,5,3,2,9,10,19,2,6,19,6,3,3,11]
[PROD] iter=18 value=15
[C1] iter=6 read=15 moda=-48 top3=[-48,-43,-55] vector=[-48,-37,-42,-38,-56,-54,-50,-37,-54,-52,-55,-49,-53,-49,-50,-43,-49,-38,-46,-40,-48,-50,-43,-46,-52,-48,-39,-52,-56,-46,-43,-38,-48,-47,-45,-48,-54,-38,-53,-41,-40,-42,-37,-40,-50,-55,-43,-46,-39,-39,-39,-40,-55,-40,-56,-51,-53,-55,-39,-43,-55,-45,-48,-43,-37,-48,-46,-53,-43,-51,-50,-54,-43,-41,-40,-48,-56,-56,-41,-44,-37,-43,-42,-51,-51,-48,-41,-52,-54,-55,-48,-47,-38,-55,-51,-38,-51,-54,-54,-46]
[PROD] iter=19 value=14
[C2] iter=6 read=14 desviacion=0 vector=[12,12,12,12,12,12,12,12,12,12,12,12,12,12,12,12,12,12,12,12,12,12,12,12,12,12,12,12,12,12,12,12,12,12,12,12,12,12,12,12,12,12,12,12,12,12,12,12,12,12,12,12,12,12,12,12,12,12,12,12,12,12,12,12,12,12,12,12,12,12,12,12,12,12,12,12,12,12,12,12,12,12,12,12,12,12,12,12,12,12,12,12,12,12,12,12,12,12,12,12]
[PROD] iter=20 value=1
[C3] iter=6 read=1 sumatoria=1025 vector=[9,20,15,19,1,3,7,20,3,5,2,8,4,8,7,14,8,19,11,17,9,7,14,11,5,9,18,5,1,11,14,19,9,10,12,9,3,19,4,16,17,15,20,17,7,2,14,11,18,18,18,17,2,17,1,6,4,2,18,14,2,12,9,14,20,9,11,4,14,6,7,3,14,16,17,9,1,1,16,13,20,14,15,6,6,9,16,5,3,2,9,10,19,2,6,19,6,3,3,11]
[PROD] iter=21 value=2
[C1] iter=7 read=2 moda=-50 top3=[-50,-45,-57] vector=[-50,-39,-44,-40,-58,-56,-52,-39,-56,-54,-57,-51,-55,-51,-52,-45,-51,-40,-48,-42,-50,-52,-45,-48,-54,-50,-41,-54,-58,-48,-45,-40,-50,-49,-47,-50,-56,-40,-55,-43,-42,-44,-39,-42,-52,-57,-45,-48,-41,-41,-41,-42,-57,-42,-58,-53,-55,-57,-41,-45,-57,-47,-50,-45,-39,-50,-48,-55,-45,-53,-52,-56,-45,-43,-42,-50,-58,-58,-43,-46,-39,-45,-44,-53,-53,-50,-43,-54,-56,-57,-50,-49,-40,-57,-53,-40,-53,-56,-56,-48]
[PROD] iter=22 value=20
[C2] iter=7 read=20 desviacion=0 vector=[16,16,16,16,16,16,16,16,16,16,16,16,16,16,16,16,16,16,16,16,16,16,16,16,16,16,16,16,16,16,16,16,16,16,16,16,16,16,16,16,16,16,16,16,16,16,16,16,16,16,16,16,16,16,16,16,16,16,16,16,16,16,16,16,16,16,16,16,16,16,16,16,16,16,16,16,16,16,16,16,16,16,16,16,16,16,16,16,16,16,16,16,16,16,16,16,16,16,16,16]
[PROD] iter=23 value=15
[C3] iter=7 read=15 sumatoria=15375 vector=[9,20,15,19,1,3,7,20,3,5,2,8,4,8,7,14,8,19,11,17,9,7,14,11,5,9,18,5,1,11,14,19,9,10,12,9,3,19,4,16,17,15,20,17,7,2,14,11,18,18,18,17,2,17,1,6,4,2,18,14,2,12,9,14,20,9,11,4,14,6,7,3,14,16,17,9,1,1,16,13,20,14,15,6,6,9,16,5,3,2,9,10,19,2,6,19,6,3,3,11]
[PROD] iter=24 value=17
[C1] iter=8 read=17 moda=-67 top3=[-67,-62,-74] vector=[-67,-56,-61,-57,-75,-73,-69,-56,-73,-71,-74,-68,-72,-68,-69,-62,-68,-57,-65,-59,-67,-69,-62,-65,-71,-67,-58,-71,-75,-65,-62,-57,-67,-66,-64,-67,-73,-57,-72,-60,-59,-61,-56,-59,-69,-74,-62,-65,-58,-58,-58,-59,-74,-59,-75,-70,-72,-74,-58,-62,-74,-64,-67,-62,-56,-67,-65,-72,-62,-70,-69,-73,-62,-60,-59,-67,-75,-75,-60,-63,-56,-62,-61,-70,-70,-67,-60,-71,-73,-74,-67,-66,-57,-74,-70,-57,-70,-73,-73,-65]
[PROD] iter=25 value=19
[C2] iter=8 read=19 desviacion=0 vector=[17,17,17,17,17,17,17,17,17,17,17,17,17,17,17,17,17,17,17,17,17,17,17,17,17,17,17,17,17,17,17,17,17,17,17,17,17,17,17,17,17,17,17,17,17,17,17,17,17,17,17,17,17,17,17,17,17,17,17,17,17,17,17,17,17,17,17,17,17,17,17,17,17,17,17,17,17,17,17,17,17,17,17,17,17,17,17,17,17,17,17,17,17,17,17,17,17,17,17,17]
[PROD] iter=26 value=5
[C3] iter=8 read=5 sumatoria=5125 vector=[9,20,15,19,1,3,7,20,3,5,2,8,4,8,7,14,8,19,11,17,9,7,14,11,5,9,18,5,1,11,14,19,9,10,12,9,3,19,4,16,17,15,20,17,7,2,14,11,18,18,18,17,2,17,1,6,4,2,18,14,2,12,9,14,20,9,11,4,14,6,7,3,14,16,17,9,1,1,16,13,20,14,15,6,6,9,16,5,3,2,9,10,19,2,6,19,6,3,3,11]
[PROD] iter=27 value=1
[C1] iter=9 read=1 moda=-68 top3=[-68,-63,-75] vector=[-68,-57,-62,-58,-76,-74,-70,-57,-74,-72,-75,-69,-73,-69,-70,-63,-69,-58,-66,-60,-68,-70,-63,-66,-72,-68,-59,-72,-76,-66,-63,-58,-68,-67,-65,-68,-74,-58,-73,-61,-60,-62,-57,-60,-70,-75,-63,-66,-59,-59,-59,-60,-75,-60,-76,-71,-73,-75,-59,-63,-75,-65,-68,-63,-57,-68,-66,-73,-63,-71,-70,-74,-63,-61,-60,-68,-76,-76,-61,-64,-57,-63,-62,-71,-71,-68,-61,-72,-74,-75,-68,-67,-58,-75,-71,-58,-71,-74,-74,-66]
[PROD] iter=28 value=4
[C2] iter=9 read=4 desviacion=0 vector=[10,10,10,10,10,10,10,10,10,10,10,10,10,10,10,10,10,10,10,10,10,10,10,10,10,10,10,10,10,10,10,10,10,10,10,10,10,10,10,10,10,10,10,10,10,10,10,10,10,10,10,10,10,10,10,10,10,10,10,10,10,10,10,10,10,10,10,10,10,10,10,10,10,10,10,10,10,10,10,10,10,10,10,10,10,10,10,10,10,10,10,10,10,10,10,10,10,10,10,10]
[PROD] iter=29 value=20
[C3] iter=9 read=20 sumatoria=20500 vector=[9,20,15,19,1,3,7,20,3,5,2,8,4,8,7,14,8,19,11,17,9,7,14,11,5,9,18,5,1,11,14,19,9,10,12,9,3,19,4,16,17,15,20,17,7,2,14,11,18,18,18,17,2,17,1,6,4,2,18,14,2,12,9,14,20,9,11,4,14,6,7,3,14,16,17,9,1,1,16,13,20,14,15,6,6,9,16,5,3,2,9,10,19,2,6,19,6,3,3,11]
