[MAIN] items=30 buffer=5 prod_sleep=300ms cons_sleep=100ms vec_size=100 seed_prod=42 seed_vec=1
[PROD] iter=0 value=8
[C2] iter=0 read=8 desviacion=3.02992 vector=[8,14,11,13,4,5,7,14,5,6,5,8,6,8,7,11,8,13,9,12,8,7,11,9,6,8,13,6,4,9,11,13,8,9,10,8,5,13,6,12,12,11,14,12,7,5,11,9,13,13,13,12,5,12,4,7,6,5,13,11,5,10,8,11,14,8,9,6,11,7,7,5,11,12,12,8,4,4,12,10,14,11,11,7,7,8,12,6,5,5,8,9,13,5,7,13,7,5,5,9]
[PROD] iter=1 value=16
[C3] iter=0 read=16 sumatoria=16400 vector=[9,20,15,19,1,3,7,20,3,5,2,8,4,8,7,14,8,19,11,17,9,7,14,11,5,9,18,5,1,11,14,19,9,10,12,9,3,19,4,16,17,15,20,17,7,2,14,11,18,18,18,17,2,17,1,6,4,2,18,14,2,12,9,14,20,9,11,4,14,6,7,3,14,16,17,9,1,1,16,13,20,14,15,6,6,9,16,5,3,2,9,10,19,2,6,19,6,3,3,11]
[PROD] iter=2 value=20
[C1] iter=0 read=20 moda=-11 top3=[-11,-6,-18] vector=[-11,0,-5,-1,-19,-17,-13,0,-17,-15,-18,-12,-16,-12,-13,-6,-12,-1,-9,-3,-11,-13,-6,-9,-15,-11,-2,-15,-19,-9,-6,-1,-11,-10,-8,-11,-17,-1,-16,-4,-3,-5,0,-3,-13,-18,-6,-9,-2,-2,-2,-3,-18,-3,-19,-14,-16,-18,-2,-6,-18,-8,-11,-6,0,-11,-9,-16,-6,-14,-13,-17,-6,-4,-3,-11,-19,-19,-4,-7,0,-6,-5,-14,-14,-11,-4,-15,-17,-18,-11,-10,-1,-18,-14,-1,-14,-17,-17,-9]
[PROD] iter=3 value=4
[C2] iter=1 read=4 desviacion=1.53867 vector=[6,9,7,8,4,4,5,9,4,5,4,6,5,6,5,7,6,8,6,8,6,5,7,6,5,6,8,5,4,6,7,8,6,6,7,6,4,8,5,8,8,7,9,8,5,4,7,6,8,8,8,8,4,8,4,5,5,4,8,7,4,7,6,7,9,6,6,5,7,5,5,4,7,8,8,6,4,4,8,7,9,7,7,5,5,6,8,5,4,4,6,6,8,4,5,8,5,4,4,6]
[PROD] iter=4 value=15
[C3] iter=1 read=15 sumatoria=15375 vector=[9,20,15,19,1,3,7,20,3,5,2,8,4,8,7,14,8,19,11,17,9,7,14,11,5,9,18,5,1,11,14,19,9,10,12,9,3,19,4,16,17,15,20,17,7,2,14,11,18,18,18,17,2,17,1,6,4,2,18,14,2,12,9,14,20,9,11,4,14,6,7,3,14,16,17,9,1,1,16,13,20,14,15,6,6,9,16,5,3,2,9,10,19,2,6,19,6,3,3,11]
[PROD] iter=5 value=16
[C1] iter=1 read=16 moda=-27 top3=[-27,-22,-34] vector=[-27,-16,-21,-17,-35,-33,-29,-16,-33,-31,-34,-28,-32,-28,-29,-22,-28,-17,-25,-19,-27,-29,-22,-25,-31,-27,-18,-31,-35,-25,-22,-17,-27,-26,-24,-27,-33,-17,-32,-20,-19,-21,-16,-19,-29,-34,-22,-25,-18,-18,-18,-19,-34,-19,-35,-30,-32,-34,-18,-22,-34,-24,-27,-22,-16,-27,-25,-32,-22,-30,-29,-33,-22,-20,-19,-27,-35,-35,-20,-23,-16,-22,-21,-30,-30,-27,-20,-31,-33,-34,-27,-26,-17,-34,-30,-17,-30,-33,-33,-25]
[PROD] iter=6 value=12
[C2] iter=2 read=12 desviacion=0.790949 vector=[9,10,9,10,8,8,8,10,8,8,8,9,8,9,8,9,9,10,9,10,9,8,9,9,8,9,10,8,8,9,9,10,9,9,9,9,8,10,8,10,10,9,10,10,8,8,9,9,10,10,10,10,8,10,8,8,8,8,10,9,8,9,9,9,10,9,9,8,9,8,8,8,9,10,10,9,8,8,10,9,10,9,9,8,8,9,10,8,8,8,9,9,10,8,8,10,8,8,8,9]
[PROD] iter=7 value=12
[C3] iter=2 read=12 sumatoria=12300 vector=[9,20,15,19,1,3,7,20,3,5,2,8,4,8,7,14,8,19,11,17,9,7,14,11,5,9,18,5,1,11,14,19,9,10,12,9,3,19,4,16,17,15,20,17,7,2,14,11,18,18,18,17,2,17,1,6,4,2,18,14,2,12,9,14,20,9,11,4,14,6,7,3,14,16,17,9,1,1,16,13,20,14,15,6,6,9,16,5,3,2,9,10,19,2,6,19,6,3,3,11]
[PROD] iter=8 value=4
[C1] iter=2 read=4 moda=-31 top3=[-31,-26,-38] vector=[-31,-20,-25,-21,-39,-37,-33,-20,-37,-35,-38,-32,-36,-32,-33,-26,-32,-21,-29,-23,-31,-33,-26,-29,-35,-31,-22,-35,-39,-29,-26,-21,-31,-30,-28,-31,-37,-21,-36,-24,-23,-25,-20,-23,-33,-38,-26,-29,-22,-22,-22,-23,-38,-23,-39,-34,-36,-38,-22,-26,-38,-28,-31,-26,-20,-31,-29,-36,-26,-34,-33,-37,-26,-24,-23,-31,-39,-39,-24,-27,-20,-26,-25,-34,-34,-31,-24,-35,-37,-38,-31,-30,-21,-38,-34,-21,-34,-37,-37,-29]
[PROD] iter=9 value=9
[C2] iter=3 read=9 desviacion=0.485386 vector=[9,9,9,9,8,8,8,9,8,8,8,9,8,9,8,9,9,9,9,9,9,8,9,9,8,9,9,8,8,9,9,9,9,9,9,9,8,9,8,9,9,9,9,9,8,8,9,9,9,9,9,9,8,9,8,8,8,8,9,9,8,9,9,9,9,9,9,8,9,8,8,8,9,9,9,9,8,8,9,9,9,9,9,8,8,9,9,8,8,8,9,9,9,8,8,9,8,8,8,9]
[PROD] iter=10 value=4
[C3] iter=3 read=4 sumatoria=4100 vector=[9,20,15,19,1,3,7,20,3,5,2,8,4,8,7,14,8,19,11,17,9,7,14,11,5,9,18,5,1,11,14,19,9,10,12,9,3,19,4,16,17,15,20,17,7,2,14,11,18,18,18,17,2,17,1,6,4,2,18,14,2,12,9,14,20,9,11,4,14,6,7,3,14,16,17,9,1,1,16,13,20,14,15,6,6,9,16,5,3,2,9,10,19,2,6,19,6,3,3,11]
[PROD] iter=11 value=2
[C1] iter=3 read=2 moda=-33 top3=[-33,-28,-40] vector=[-33,-22,-27,-23,-41,-39,-35,-22,-39,-37,-40,-34,-38,-34,-35,-28,-34,-23,-31,-25,-33,-35,-28,-31,-37,-33,-24,-37,-41,-31,-28,-23,-33,-32,-30,-33,-39,-23,-38,-26,-25,-27,-22,-25,-35,-40,-28,-31,-24,-24,-24,-25,-40,-25,-41,-36,-38,-40,-24,-28,-40,-30,-33,-28,-22,-33,-31,-38,-28,-36,-35,-39,-28,-26,-25,-33,-41,-41,-26,-29,-22,-28,-27,-36,-36,-33,-26,-37,-39,-40,-33,-32,-23,-40,-36,-23,-36,-39,-39,-31]
[PROD] iter=12 value=2
[C2] iter=4 read=2 desviacion=0 vector=[5,5,5,5,5,5,5,5,5,5,5,5,5,5,5,5,5,5,5,5,5,5,5,5,5,5,5,5,5,5,5,5,5,5,5,5,5,5,5,5,5,5,5,5,5,5,5,5,5,5,5,5,5,5,5,5,5,5,5,5,5,5,5,5,5,5,5,5,5,5,5,5,5,5,5,5,5,5,5,5,5,5,5,5,5,5,5,5,5,5,5,5,5,5,5,5,5,5,5,5]
[PROD] iter=13 value=10
[C3] iter=4 read=10 sumatoria=10250 vector=[9,20,15,19,1,3,7,20,3,5,2,8,4,8,7,14,8,19,11,17,9,7,14,11,5,9,18,5,1,11,14,19,9,10,12,9,3,19,4,16,17,15,20,17,7,2,14,11,18,18,18,17,2,17,1,6,4,2,18,14,2,12,9,14,20,9,11,4,14,6,7,3,14,16,17,9,1,1,16,13,20,14,15,6,6,9,16,5,3,2,9,10,19,2,6,19,6,3,3,11]
[PROD] iter=14 value=18
[C1] iter=4 read=18 moda=-51 top3=[-51,-46,-58] vector=[-51,-40,-45,-41,-59,-57,-53,-40,-57,-55,-58,-52,-56,-52,-53,-46,-52,-41,-49,-43,-51,-53,-46,-49,-55,-51,-42,-55,-59,-49,-46,-41,-51,-50,-48,-51,-57,-41,-56,-44,-43,-45,-40,-43,-53,-58,-46,-49,-42,-42,-42,-43,-58,-43,-59,-54,-56,-58,-42,-46,-58,-48,-51,-46,-40,-51,-49,-56,-46,-54,-53,-57,-46,-44,-43,-51,-59,-59,-44,-47,-40,-46,-45,-54,-54,-51,-44,-55,-57,-58,-51,-50,-41,-58,-54,-41,-54,-57,-57,-49]
[PROD] iter=15 value=7
[C2] iter=5 read=7 desviacion=0 vector=[6,6,6,6,6,6,6,6,6,6,6,6,6,6,6,6,6,6,6,6,6,6,6,6,6,6,6,6,6,6,6,6,6,6,6,6,6,6,6,6,6,6,6,6,6,6,6,6,6,6,6,6,6,6,6,6,6,6,6,6,6,6,6,6,6,6,6,6,6,6,6,6,6,6,6,6,6,6,6,6,6,6,6,6,6,6,6,6,6,6,6,6,6,6,6,6,6,6,6,6]
[PROD] iter=16 value=13
[C3] iter=5 read=13 sumatoria=13325 vector=[9,20,15,19,1,3,7,20,3,5,2,8,4,8,7,14,8,19,11,17,9,7,14,11,5,9,18,5,1,11,14,19,9,10,12,9,3,19,4,16,17,15,20,17,7,2,14,11,18,18,18,17,2,17,1,6,4,2,18,14,2,12,9,14,20,9,11,4,14,6,7,3,14,16,17,9,1,1,16,13,20,14,15,6,6,9,16,5,3,2,9,10,19,2,6,19,6,3,3,11]
[PROD] iter=17 value=3
[C1] iter=5 read=3 moda=-54 top3=[-54,-49,-61] vector=[-54,-43,-48,-44,-62,-60,-56,-43,-60,-58,-61,-55,-59,-55,-56,-49,-55,-44,-52,-46,-54,-56,-49,-52,-58,-54,-45,-58,-62,-52,-49,-44,-54,-53,-51,-54,-60,-44,-59,-47,-46,-48,-43,-46,-56,-61,-49,-52,-45,-45,-45,-46,-61,-46,-62,-57,-59,-61,-45,-49,-61,-51,-54,-49,-43,-54,-52,-59,-49,-57,-56,-60,-49,-47,-46,-54,-62,-62,-47,-50,-43,-49,-48,-57,-57,-54,-47,-58,-60,-61,-54,-53,-44,-61,-57,-44,-57,-60,-60,-52]
[PROD] iter=18 value=15
[C2] iter=6 read=15 desviacion=0 vector=[10,10,10,10,10,10,10,10,10,10,10,10,10,10,10,10,10,10,10,10,10,10,10,10,10,10,10,10,10,10,10,10,10,10,10,10,10,10,10,10,10,10,10,10,10,10,10,10,10,10,10,10,10,10,10,10,10,10,10,10,10,10,10,10,10,10,10,10,10,10,10,10,10,10,10,10,10,10,10,10,10,10,10,10,10,10,10,10,10,10,10,10,10,10,10,10,10,10,10,10]
[PROD] iter=19 value=14
[C3] iter=6 read=14 sumatoria=14350 vector=[9,20,15,19,1,3,7,20,3,5,2,8,4,8,7,14,8,19,11,17,9,7,14,11,5,9,18,5,1,11,14,19,9,10,12,9,3,19,4,16,17,15,20,17,7,2,14,11,18,18,18,17,2,17,1,6,4,2,18,14,2,12,9,14,20,9,11,4,14,6,7,3,14,16,17,9,1,1,16,13,20,14,15,6,6,9,16,5,3,2,9,10,19,2,6,19,6,3,3,11]
[PROD] iter=20 value=1
[C1] iter=6 read=1 moda=-55 top3=[-55,-50,-62] vector=[-55,-44,-49,-45,-63,-61,-57,-44,-61,-59,-62,-56,-60,-56,-57,-50,-56,-45,-53,-47,-55,-57,-50,-53,-59,-55,-46,-59,-63,-53,-50,-45,-55,-54,-52,-55,-61,-45,-60,-48,-47,-49,-44,-47,-57,-62,-50,-53,-46,-46,-46,-47,-62,-47,-63,-58,-60,-62,-46,-50,-62,-52,-55,-50,-44,-55,-53,-60,-50,-58,-57,-61,-50,-48,-47,-55,-63,-63,-48,-51,-44,-50,-49,-58,-58,-55,-48,-59,-61,-62,-55,-54,-45,-62,-58,-45,-58,-61,-61,-53]
[PROD] iter=21 value=2
[C2] iter=7 read=2 desviacion=0 vector=[6,6,6,6,6,6,6,6,6,6,6,6,6,6,6,6,6,6,6,6,6,6,6,6,6,6,6,6,6,6,6,6,6,6,6,6,6,6,6,6,6,6,6,6,6,6,6,6,6,6,6,6,6,6,6,6,6,6,6,6,6,6,6,6,6,6,6,6,6,6,6,6,6,6,6,6,6,6,6,6,6,6,6,6,6,6,6,6,6,6,6,6,6,6,6,6,6,6,6,6]
[PROD] iter=22 value=20
[C3] iter=7 read=20 sumatoria=20500 vector=[9,20,15,19,1,3,7,20,3,5,2,8,4,8,7,14,8,19,11,17,9,7,14,11,5,9,18,5,1,11,14,19,9,10,12,9,3,19,4,16,17,15,20,17,7,2,14,11,18,18,18,17,2,17,1,6,4,2,18,14,2,12,9,14,20,9,11,4,14,6,7,3,14,16,17,9,1,1,16,13,20,14,15,6,6,9,16,5,3,2,9,10,19,2,6,19,6,3,3,11]
[PROD] iter=23 value=15
[C1] iter=7 read=15 moda=-70 top3=[-70,-65,-77] vector=[-70,-59,-64,-60,-78,-76,-72,-59,-76,-74,-77,-71,-75,-71,-72,-65,-71,-60,-68,-62,-70,-72,-65,-68,-74,-70,-61,-74,-78,-68,-65,-60,-70,-69,-67,-70,-76,-60,-75,-63,-62,-64,-59,-62,-72,-77,-65,-68,-61,-61,-61,-62,-77,-62,-78,-73,-75,-77,-61,-65,-77,-67,-70,-65,-59,-70,-68,-75,-65,-73,-72,-76,-65,-63,-62,-70,-78,-78,-63,-66,-59,-65,-64,-73,-73,-70,-63,-74,-76,-77,-70,-69,-60,-77,-73,-60,-73,-76,-76,-68]
[PROD] iter=24 value=17
[C2] iter=8 read=17 desviacion=0 vector=[11,11,11,11,11,11,11,11,11,11,11,11,11,11,11,11,11,11,11,11,11,11,11,11,11,11,11,11,11,11,11,11,11,11,11,11,11,11,11,11,11,11,11,11,11,11,11,11,11,11,11,11,11,11,11,11,11,11,11,11,11,11,11,11,11,11,11,11,11,11,11,11,11,11,11,11,11,11,11,11,11,11,11,11,11,11,11,11,11,11,11,11,11,11,11,11,11,11,11,11]
[PROD] iter=25 value=19
[C3] iter=8 read=19 sumatoria=19475 vector=[9,20,15,19,1,3,7,20,3,5,2,8,4,8,7,14,8,19,11,17,9,7,14,11,5,9,18,5,1,11,14,19,9,10,12,9,3,19,4,16,17,15,20,17,7,2,14,11,18,18,18,17,2,17,1,6,4,2,18,14,2,12,9,14,20,9,11,4,14,6,7,3,14,16,17,9,1,1,16,13,20,14,15,6,6,9,16,5,3,2,9,10,19,2,6,19,6,3,3,11]
[PROD] iter=26 value=5
[C1] iter=8 read=5 moda=-75 top3=[-75,-70,-82] vector=[-75,-64,-69,-65,-83,-81,-77,-64,-81,-79,-82,-76,-80,-76,-77,-70,-76,-65,-73,-67,-75,-77,-70,-73,-79,-75,-66,-79,-83,-73,-70,-65,-75,-74,-72,-75,-81,-65,-80,-68,-67,-69,-64,-67,-77,-82,-70,-73,-66,-66,-66,-67,-82,-67,-83,-78,-80,-82,-66,-70,-82,-72,-75,-70,-64,-75,-73,-80,-70,-78,-77,-81,-70,-68,-67,-75,-83,-83,-68,-71,-64,-70,-69,-78,-78,-75,-68,-79,-81,-82,-75,-74,-65,-82,-78,-65,-78,-81,-81,-73]
[PROD] iter=27 value=1
[C2] iter=9 read=1 desviacion=0 vector=[6,6,6,6,6,6,6,6,6,6,6,6,6,6,6,6,6,6,6,6,6,6,6,6,6,6,6,6,6,6,6,6,6,6,6,6,6,6,6,6,6,6,6,6,6,6,6,6,6,6,6,6,6,6,6,6,6,6,6,6,6,6,6,6,6,6,6,6,6,6,6,6,6,6,6,6,6,6,6,6,6,6,6,6,6,6,6,6,6,6,6,6,6,6,6,6,6,6,6,6]
[PROD] iter=28 value=4
[C3] iter=9 read=4 sumatoria=4100 vector=[9,20,15,19,1,3,7,20,3,5,2,8,4,8,7,14,8,19,11,17,9,7,14,11,5,9,18,5,1,11,14,19,9,10,12,9,3,19,4,16,17,15,20,17,7,2,14,11,18,18,18,17,2,17,1,6,4,2,18,14,2,12,9,14,20,9,11,4,14,6,7,3,14,16,17,9,1,1,16,13,20,14,15,6,6,9,16,5,3,2,9,10,19,2,6,19,6,3,3,11]
[PROD] iter=29 value=20
[C1] iter=9 read=20 moda=-95 top3=[-95,-90,-102] vector=[-95,-84,-89,-85,-103,-101,-97,-84,-101,-99,-102,-96,-100,-96,-97,-90,-96,-85,-93,-87,-95,-97,-90,-93,-99,-95,-86,-99,-103,-93,-90,-85,-95,-94,-92,-95,-101,-85,-100,-88,-87,-89,-84,-87,-97,-102,-90,-93,-86,-86,-86,-87,-102,-87,-103,-98,-100,-102,-86,-90,-102,-92,-95,-90,-84,-95,-93,-100,-90,-98,-97,-101,-90,-88,-87,-95,-103,-103,-88,-91,-84,-90,-89,-98,-98,-95,-88,-99,-101,-102,-95,-94,-85,-102,-98,-85,-98,-101,-101,-93]
